// Jest Snapshot v1, https://goo.gl/fbAQLP

exports[`Auth should render correctly with given props 1`] = `
<div
  className="d-flex justify-content-center align-items-center"
>
  <Form
    className="w-25 mt-4"
    inline={false}
    onSubmit={[Function]}
  >
    <FormLabel
      column={false}
      srOnly={false}
    >
      Email
    </FormLabel>
    <FormControl
      aria-label="email"
      className="mb-4 email"
      onChange={[Function]}
      placeholder="Email"
      type="email"
      value=""
    />
    <FormLabel
      column={false}
      srOnly={false}
    >
      Has≈Ço
    </FormLabel>
    <FormControl
      className="mb-4 password"
      onChange={[Function]}
      placeholder="password"
      type="password"
      value=""
    />
    <Button
      active={false}
      disabled={false}
      type="submit"
      variant="primary"
    >
      Zaloguj
    </Button>
  </Form>
</div>
`;
