// Jest Snapshot v1, https://goo.gl/fbAQLP

exports[`Auth should render correctly with given props 1`] = `[Function]`;
