// Jest Snapshot v1, https://goo.gl/fbAQLP

exports[`ListGames Should match snapshot for given props 1`] = `
Array [
  <h4
    className="my-3"
  >
    DostÄ™pne gry: 
  </h4>,
  <hr />,
  <ForwardRef
    className="d-flex justify-content-center"
  >
    <Bootstrap(ListGroup)
      className="d-flex justify-content-center"
      onSelect={[Function]}
    >
      <ContextTransform(AbstractNav)
        as="div"
        className="d-flex justify-content-center list-group"
        onSelect={[Function]}
      >
        <div
          className="d-flex justify-content-center list-group"
          onKeyDown={[Function]}
        >
          <a
            href="/game/11"
            onClick={[Function]}
          >
            <Bootstrap(ListGroupItem)
              className="text-center"
            >
              <ForwardRef
                as="div"
                className="text-center list-group-item"
                disabled={false}
                eventKey={null}
                onClick={[Function]}
              >
                <div
                  className="text-center list-group-item"
                  data-rb-event-key={null}
                  disabled={false}
                  onClick={[Function]}
                >
                  test
                </div>
              </ForwardRef>
            </Bootstrap(ListGroupItem)>
          </a>
        </div>
      </ContextTransform(AbstractNav)>
    </Bootstrap(ListGroup)>
  </ForwardRef>,
]
`;
