// Jest Snapshot v1, https://goo.gl/fbAQLP

exports[`Board should render 64 poles and Start game button for given props 1`] = `
<styled.div>
  <div
    className="time"
  />
  <Connect(PlayersManager)
    gameID="22"
  />
  <styled.div>
    <Connect(Pole)
      col={0}
      key="0/0"
      row={0}
    />
    <Connect(Pole)
      col={1}
      key="0/1"
      row={0}
    />
    <Connect(Pole)
      col={2}
      key="0/2"
      row={0}
    />
    <Connect(Pole)
      col={3}
      key="0/3"
      row={0}
    />
    <Connect(Pole)
      col={4}
      key="0/4"
      row={0}
    />
    <Connect(Pole)
      col={5}
      key="0/5"
      row={0}
    />
    <Connect(Pole)
      col={6}
      key="0/6"
      row={0}
    />
    <Connect(Pole)
      col={7}
      key="0/7"
      row={0}
    />
    <Connect(Pole)
      col={0}
      key="1/0"
      row={1}
    />
    <Connect(Pole)
      col={1}
      key="1/1"
      row={1}
    />
    <Connect(Pole)
      col={2}
      key="1/2"
      row={1}
    />
    <Connect(Pole)
      col={3}
      key="1/3"
      row={1}
    />
    <Connect(Pole)
      col={4}
      key="1/4"
      row={1}
    />
    <Connect(Pole)
      col={5}
      key="1/5"
      row={1}
    />
    <Connect(Pole)
      col={6}
      key="1/6"
      row={1}
    />
    <Connect(Pole)
      col={7}
      key="1/7"
      row={1}
    />
    <Connect(Pole)
      col={0}
      key="2/0"
      row={2}
    />
    <Connect(Pole)
      col={1}
      key="2/1"
      row={2}
    />
    <Connect(Pole)
      col={2}
      key="2/2"
      row={2}
    />
    <Connect(Pole)
      col={3}
      key="2/3"
      row={2}
    />
    <Connect(Pole)
      col={4}
      key="2/4"
      row={2}
    />
    <Connect(Pole)
      col={5}
      key="2/5"
      row={2}
    />
    <Connect(Pole)
      col={6}
      key="2/6"
      row={2}
    />
    <Connect(Pole)
      col={7}
      key="2/7"
      row={2}
    />
    <Connect(Pole)
      col={0}
      key="3/0"
      row={3}
    />
    <Connect(Pole)
      col={1}
      key="3/1"
      row={3}
    />
    <Connect(Pole)
      col={2}
      key="3/2"
      row={3}
    />
    <Connect(Pole)
      col={3}
      key="3/3"
      row={3}
    />
    <Connect(Pole)
      col={4}
      key="3/4"
      row={3}
    />
    <Connect(Pole)
      col={5}
      key="3/5"
      row={3}
    />
    <Connect(Pole)
      col={6}
      key="3/6"
      row={3}
    />
    <Connect(Pole)
      col={7}
      key="3/7"
      row={3}
    />
    <Connect(Pole)
      col={0}
      key="4/0"
      row={4}
    />
    <Connect(Pole)
      col={1}
      key="4/1"
      row={4}
    />
    <Connect(Pole)
      col={2}
      key="4/2"
      row={4}
    />
    <Connect(Pole)
      col={3}
      key="4/3"
      row={4}
    />
    <Connect(Pole)
      col={4}
      key="4/4"
      row={4}
    />
    <Connect(Pole)
      col={5}
      key="4/5"
      row={4}
    />
    <Connect(Pole)
      col={6}
      key="4/6"
      row={4}
    />
    <Connect(Pole)
      col={7}
      key="4/7"
      row={4}
    />
    <Connect(Pole)
      col={0}
      key="5/0"
      row={5}
    />
    <Connect(Pole)
      col={1}
      key="5/1"
      row={5}
    />
    <Connect(Pole)
      col={2}
      key="5/2"
      row={5}
    />
    <Connect(Pole)
      col={3}
      key="5/3"
      row={5}
    />
    <Connect(Pole)
      col={4}
      key="5/4"
      row={5}
    />
    <Connect(Pole)
      col={5}
      key="5/5"
      row={5}
    />
    <Connect(Pole)
      col={6}
      key="5/6"
      row={5}
    />
    <Connect(Pole)
      col={7}
      key="5/7"
      row={5}
    />
    <Connect(Pole)
      col={0}
      key="6/0"
      row={6}
    />
    <Connect(Pole)
      col={1}
      key="6/1"
      row={6}
    />
    <Connect(Pole)
      col={2}
      key="6/2"
      row={6}
    />
    <Connect(Pole)
      col={3}
      key="6/3"
      row={6}
    />
    <Connect(Pole)
      col={4}
      key="6/4"
      row={6}
    />
    <Connect(Pole)
      col={5}
      key="6/5"
      row={6}
    />
    <Connect(Pole)
      col={6}
      key="6/6"
      row={6}
    />
    <Connect(Pole)
      col={7}
      key="6/7"
      row={6}
    />
    <Connect(Pole)
      col={0}
      key="7/0"
      row={7}
    />
    <Connect(Pole)
      col={1}
      key="7/1"
      row={7}
    />
    <Connect(Pole)
      col={2}
      key="7/2"
      row={7}
    />
    <Connect(Pole)
      col={3}
      key="7/3"
      row={7}
    />
    <Connect(Pole)
      col={4}
      key="7/4"
      row={7}
    />
    <Connect(Pole)
      col={5}
      key="7/5"
      row={7}
    />
    <Connect(Pole)
      col={6}
      key="7/6"
      row={7}
    />
    <Connect(Pole)
      col={7}
      key="7/7"
      row={7}
    />
  </styled.div>
</styled.div>
`;
