// Jest Snapshot v1, https://goo.gl/fbAQLP

exports[`Authenticated should render component when authenticated is true 1`] = `[Function]`;
